parent called with arg 100
loop called with id parent thread
parent thread:	0	0
loop called with id child thread
child thread:	0	0
parent thread:	1	1
child thread:	1	2
parent thread:	2	3
child thread:	2	4
parent thread:	3	5
child thread:	3	6
parent thread:	4	7
child thread:	4	8
Thread library exiting.
