POSTED: cashier 0 sandwich 1
POSTED: cashier 1 sandwich 5
POSTED: cashier 2 sandwich 19
READY: cashier 0 sandwich 1
POSTED: cashier 0 sandwich 3
READY: cashier 0 sandwich 3
POSTED: cashier 0 sandwich 53
READY: cashier 1 sandwich 5
POSTED: cashier 1 sandwich 530
READY: cashier 2 sandwich 19
POSTED: cashier 2 sandwich 512
READY: cashier 0 sandwich 53
POSTED: cashier 0 sandwich 100
READY: cashier 0 sandwich 100
POSTED: cashier 0 sandwich 50
READY: cashier 0 sandwich 50
POSTED: cashier 3 sandwich 63
READY: cashier 3 sandwich 63
POSTED: cashier 3 sandwich 623
READY: cashier 2 sandwich 512
POSTED: cashier 2 sandwich 12
READY: cashier 1 sandwich 530
POSTED: cashier 1 sandwich 123
READY: cashier 3 sandwich 623
POSTED: cashier 3 sandwich 236
READY: cashier 3 sandwich 236
POSTED: cashier 3 sandwich 123
READY: cashier 1 sandwich 123
POSTED: cashier 1 sandwich 539
READY: cashier 3 sandwich 123
POSTED: cashier 3 sandwich 643
READY: cashier 2 sandwich 12
POSTED: cashier 2 sandwich 942
READY: cashier 1 sandwich 539
POSTED: cashier 1 sandwich 929
READY: cashier 3 sandwich 643
POSTED: cashier 4 sandwich 464
READY: cashier 4 sandwich 464
POSTED: cashier 4 sandwich 235
READY: cashier 4 sandwich 235
POSTED: cashier 4 sandwich 132
READY: cashier 4 sandwich 132
POSTED: cashier 4 sandwich 696
READY: cashier 4 sandwich 696
POSTED: cashier 4 sandwich 709
READY: cashier 4 sandwich 709
READY: cashier 1 sandwich 929
READY: cashier 2 sandwich 942
POSTED: cashier 2 sandwich 42
READY: cashier 2 sandwich 42
Thread library exiting.
