0: first goal
1: first goal
2: first goal
3: first goal
4: first goal
5: first goal
6: first goal
7: first goal
8: first goal
9: first goal
10: first goal
11: first goal
12: first goal
13: first goal
14: first goal
15: first goal
16: first goal
17: first goal
18: first goal
19: first goal
Barrier: everyone reached the first goal
0: second goal
1: second goal
2: second goal
3: second goal
4: second goal
5: second goal
6: second goal
7: second goal
8: second goal
9: second goal
10: second goal
11: second goal
12: second goal
13: second goal
14: second goal
15: second goal
16: second goal
17: second goal
18: second goal
19: second goal
Thread library exiting.
