CALLED LOCK TWICE
CALLED UNLOCK WITHOUT A LOCK
CALLED UNLOCK WITHOUT A LOCK
CALLED WAIT WITHOUT A LOCK
Thread library exiting.
