POSTED: cashier 0 sandwich 283
POSTED: cashier 1 sandwich 51
POSTED: cashier 2 sandwich 35
POSTED: cashier 3 sandwich 909
POSTED: cashier 4 sandwich 706
POSTED: cashier 5 sandwich 307
POSTED: cashier 6 sandwich 419
POSTED: cashier 7 sandwich 149
POSTED: cashier 8 sandwich 151
POSTED: cashier 9 sandwich 397
POSTED: cashier 10 sandwich 805
POSTED: cashier 11 sandwich 80
POSTED: cashier 12 sandwich 873
POSTED: cashier 13 sandwich 915
POSTED: cashier 14 sandwich 22
POSTED: cashier 15 sandwich 568
POSTED: cashier 16 sandwich 631
POSTED: cashier 17 sandwich 595
POSTED: cashier 18 sandwich 629
POSTED: cashier 19 sandwich 690
POSTED: cashier 20 sandwich 110
POSTED: cashier 21 sandwich 378
POSTED: cashier 22 sandwich 784
POSTED: cashier 23 sandwich 834
POSTED: cashier 24 sandwich 487
POSTED: cashier 25 sandwich 774
POSTED: cashier 26 sandwich 254
POSTED: cashier 27 sandwich 817
POSTED: cashier 28 sandwich 446
POSTED: cashier 29 sandwich 85
POSTED: cashier 30 sandwich 571
POSTED: cashier 31 sandwich 362
POSTED: cashier 32 sandwich 596
POSTED: cashier 33 sandwich 490
POSTED: cashier 34 sandwich 839
POSTED: cashier 35 sandwich 110
POSTED: cashier 36 sandwich 637
POSTED: cashier 37 sandwich 736
POSTED: cashier 38 sandwich 243
POSTED: cashier 39 sandwich 282
POSTED: cashier 40 sandwich 199
POSTED: cashier 41 sandwich 298
POSTED: cashier 42 sandwich 376
POSTED: cashier 43 sandwich 11
POSTED: cashier 44 sandwich 593
POSTED: cashier 45 sandwich 825
POSTED: cashier 46 sandwich 87
POSTED: cashier 47 sandwich 424
POSTED: cashier 48 sandwich 469
POSTED: cashier 49 sandwich 678
POSTED: cashier 50 sandwich 523
POSTED: cashier 51 sandwich 761
POSTED: cashier 52 sandwich 592
POSTED: cashier 53 sandwich 209
READY: cashier 43 sandwich 11
POSTED: cashier 43 sandwich 857
READY: cashier 14 sandwich 22
POSTED: cashier 14 sandwich 518
READY: cashier 2 sandwich 35
POSTED: cashier 2 sandwich 489
READY: cashier 1 sandwich 51
POSTED: cashier 1 sandwich 202
READY: cashier 11 sandwich 80
POSTED: cashier 11 sandwich 600
READY: cashier 29 sandwich 85
POSTED: cashier 29 sandwich 693
READY: cashier 46 sandwich 87
POSTED: cashier 46 sandwich 141
READY: cashier 20 sandwich 110
POSTED: cashier 20 sandwich 523
READY: cashier 35 sandwich 110
POSTED: cashier 35 sandwich 625
READY: cashier 46 sandwich 141
POSTED: cashier 46 sandwich 955
READY: cashier 7 sandwich 149
POSTED: cashier 7 sandwich 80
READY: cashier 8 sandwich 151
POSTED: cashier 8 sandwich 815
READY: cashier 40 sandwich 199
POSTED: cashier 40 sandwich 269
READY: cashier 1 sandwich 202
POSTED: cashier 1 sandwich 972
READY: cashier 53 sandwich 209
POSTED: cashier 53 sandwich 877
READY: cashier 38 sandwich 243
POSTED: cashier 38 sandwich 933
READY: cashier 26 sandwich 254
POSTED: cashier 26 sandwich 341
READY: cashier 40 sandwich 269
POSTED: cashier 40 sandwich 960
READY: cashier 39 sandwich 282
POSTED: cashier 39 sandwich 73
READY: cashier 0 sandwich 283
POSTED: cashier 0 sandwich 86
READY: cashier 41 sandwich 298
POSTED: cashier 41 sandwich 165
READY: cashier 5 sandwich 307
POSTED: cashier 5 sandwich 938
READY: cashier 26 sandwich 341
POSTED: cashier 26 sandwich 169
READY: cashier 31 sandwich 362
POSTED: cashier 31 sandwich 630
READY: cashier 42 sandwich 376
POSTED: cashier 42 sandwich 881
READY: cashier 21 sandwich 378
POSTED: cashier 21 sandwich 282
READY: cashier 9 sandwich 397
POSTED: cashier 9 sandwich 649
READY: cashier 6 sandwich 419
POSTED: cashier 6 sandwich 902
READY: cashier 47 sandwich 424
POSTED: cashier 47 sandwich 998
READY: cashier 28 sandwich 446
POSTED: cashier 28 sandwich 718
READY: cashier 48 sandwich 469
POSTED: cashier 48 sandwich 840
READY: cashier 24 sandwich 487
POSTED: cashier 24 sandwich 709
READY: cashier 2 sandwich 489
POSTED: cashier 2 sandwich 72
READY: cashier 33 sandwich 490
POSTED: cashier 33 sandwich 586
READY: cashier 14 sandwich 518
POSTED: cashier 14 sandwich 680
READY: cashier 50 sandwich 523
POSTED: cashier 50 sandwich 672
READY: cashier 20 sandwich 523
POSTED: cashier 20 sandwich 889
READY: cashier 15 sandwich 568
POSTED: cashier 15 sandwich 928
READY: cashier 30 sandwich 571
POSTED: cashier 30 sandwich 962
READY: cashier 33 sandwich 586
POSTED: cashier 33 sandwich 983
READY: cashier 52 sandwich 592
POSTED: cashier 52 sandwich 800
READY: cashier 44 sandwich 593
POSTED: cashier 44 sandwich 482
READY: cashier 17 sandwich 595
POSTED: cashier 17 sandwich 995
READY: cashier 32 sandwich 596
POSTED: cashier 32 sandwich 732
READY: cashier 11 sandwich 600
POSTED: cashier 11 sandwich 526
READY: cashier 35 sandwich 625
POSTED: cashier 35 sandwich 928
READY: cashier 18 sandwich 629
POSTED: cashier 18 sandwich 556
READY: cashier 31 sandwich 630
POSTED: cashier 31 sandwich 132
READY: cashier 16 sandwich 631
POSTED: cashier 16 sandwich 715
READY: cashier 36 sandwich 637
POSTED: cashier 36 sandwich 804
READY: cashier 9 sandwich 649
POSTED: cashier 9 sandwich 947
READY: cashier 50 sandwich 672
POSTED: cashier 50 sandwich 589
READY: cashier 49 sandwich 678
POSTED: cashier 49 sandwich 986
READY: cashier 14 sandwich 680
POSTED: cashier 14 sandwich 264
READY: cashier 19 sandwich 690
POSTED: cashier 19 sandwich 842
READY: cashier 29 sandwich 693
POSTED: cashier 29 sandwich 530
READY: cashier 4 sandwich 706
POSTED: cashier 4 sandwich 635
READY: cashier 24 sandwich 709
POSTED: cashier 24 sandwich 280
READY: cashier 16 sandwich 715
POSTED: cashier 16 sandwich 458
READY: cashier 28 sandwich 718
POSTED: cashier 28 sandwich 553
READY: cashier 32 sandwich 732
POSTED: cashier 32 sandwich 696
READY: cashier 37 sandwich 736
POSTED: cashier 37 sandwich 814
READY: cashier 51 sandwich 761
POSTED: cashier 51 sandwich 579
READY: cashier 25 sandwich 774
POSTED: cashier 25 sandwich 615
READY: cashier 22 sandwich 784
POSTED: cashier 22 sandwich 786
READY: cashier 22 sandwich 786
POSTED: cashier 22 sandwich 918
READY: cashier 52 sandwich 800
POSTED: cashier 52 sandwich 643
READY: cashier 36 sandwich 804
POSTED: cashier 36 sandwich 843
READY: cashier 10 sandwich 805
POSTED: cashier 10 sandwich 677
READY: cashier 37 sandwich 814
POSTED: cashier 37 sandwich 723
READY: cashier 8 sandwich 815
POSTED: cashier 8 sandwich 697
READY: cashier 27 sandwich 817
POSTED: cashier 27 sandwich 331
READY: cashier 45 sandwich 825
POSTED: cashier 45 sandwich 119
READY: cashier 23 sandwich 834
POSTED: cashier 23 sandwich 941
READY: cashier 34 sandwich 839
POSTED: cashier 34 sandwich 818
READY: cashier 48 sandwich 840
POSTED: cashier 48 sandwich 984
READY: cashier 19 sandwich 842
POSTED: cashier 19 sandwich 303
READY: cashier 36 sandwich 843
POSTED: cashier 36 sandwich 983
READY: cashier 43 sandwich 857
POSTED: cashier 43 sandwich 183
READY: cashier 12 sandwich 873
POSTED: cashier 12 sandwich 235
READY: cashier 53 sandwich 877
POSTED: cashier 53 sandwich 596
READY: cashier 42 sandwich 881
POSTED: cashier 42 sandwich 234
READY: cashier 20 sandwich 889
POSTED: cashier 20 sandwich 647
READY: cashier 6 sandwich 902
POSTED: cashier 6 sandwich 572
READY: cashier 3 sandwich 909
POSTED: cashier 3 sandwich 209
READY: cashier 13 sandwich 915
POSTED: cashier 13 sandwich 623
READY: cashier 22 sandwich 918
POSTED: cashier 22 sandwich 177
READY: cashier 15 sandwich 928
POSTED: cashier 15 sandwich 417
READY: cashier 35 sandwich 928
POSTED: cashier 35 sandwich 911
READY: cashier 38 sandwich 933
POSTED: cashier 38 sandwich 28
READY: cashier 5 sandwich 938
POSTED: cashier 5 sandwich 659
READY: cashier 23 sandwich 941
POSTED: cashier 23 sandwich 882
READY: cashier 9 sandwich 947
POSTED: cashier 9 sandwich 827
READY: cashier 46 sandwich 955
POSTED: cashier 46 sandwich 112
READY: cashier 40 sandwich 960
POSTED: cashier 40 sandwich 761
READY: cashier 30 sandwich 962
POSTED: cashier 30 sandwich 49
READY: cashier 1 sandwich 972
POSTED: cashier 1 sandwich 19
READY: cashier 33 sandwich 983
POSTED: cashier 33 sandwich 492
READY: cashier 36 sandwich 983
POSTED: cashier 36 sandwich 261
READY: cashier 48 sandwich 984
POSTED: cashier 48 sandwich 57
READY: cashier 49 sandwich 986
POSTED: cashier 49 sandwich 68
READY: cashier 17 sandwich 995
POSTED: cashier 17 sandwich 142
READY: cashier 47 sandwich 998
POSTED: cashier 47 sandwich 280
READY: cashier 35 sandwich 911
POSTED: cashier 35 sandwich 372
READY: cashier 23 sandwich 882
POSTED: cashier 23 sandwich 705
READY: cashier 9 sandwich 827
POSTED: cashier 9 sandwich 338
READY: cashier 34 sandwich 818
POSTED: cashier 34 sandwich 134
READY: cashier 40 sandwich 761
POSTED: cashier 40 sandwich 884
READY: cashier 37 sandwich 723
POSTED: cashier 37 sandwich 519
READY: cashier 23 sandwich 705
POSTED: cashier 23 sandwich 872
READY: cashier 8 sandwich 697
POSTED: cashier 8 sandwich 161
READY: cashier 32 sandwich 696
POSTED: cashier 32 sandwich 317
READY: cashier 10 sandwich 677
POSTED: cashier 10 sandwich 77
READY: cashier 5 sandwich 659
POSTED: cashier 5 sandwich 176
READY: cashier 20 sandwich 647
POSTED: cashier 20 sandwich 125
READY: cashier 52 sandwich 643
POSTED: cashier 52 sandwich 153
READY: cashier 4 sandwich 635
POSTED: cashier 4 sandwich 577
READY: cashier 13 sandwich 623
POSTED: cashier 13 sandwich 875
READY: cashier 25 sandwich 615
POSTED: cashier 25 sandwich 536
READY: cashier 53 sandwich 596
POSTED: cashier 53 sandwich 90
READY: cashier 50 sandwich 589
POSTED: cashier 50 sandwich 154
READY: cashier 51 sandwich 579
POSTED: cashier 51 sandwich 628
READY: cashier 4 sandwich 577
POSTED: cashier 4 sandwich 508
READY: cashier 6 sandwich 572
POSTED: cashier 6 sandwich 837
READY: cashier 18 sandwich 556
POSTED: cashier 18 sandwich 329
READY: cashier 28 sandwich 553
POSTED: cashier 28 sandwich 898
READY: cashier 25 sandwich 536
POSTED: cashier 25 sandwich 536
READY: cashier 25 sandwich 536
POSTED: cashier 25 sandwich 975
READY: cashier 29 sandwich 530
POSTED: cashier 29 sandwich 167
READY: cashier 11 sandwich 526
POSTED: cashier 11 sandwich 714
READY: cashier 37 sandwich 519
POSTED: cashier 37 sandwich 670
READY: cashier 4 sandwich 508
POSTED: cashier 4 sandwich 519
READY: cashier 4 sandwich 519
POSTED: cashier 54 sandwich 739
READY: cashier 33 sandwich 492
POSTED: cashier 33 sandwich 794
READY: cashier 44 sandwich 482
POSTED: cashier 44 sandwich 369
READY: cashier 16 sandwich 458
POSTED: cashier 16 sandwich 587
READY: cashier 15 sandwich 417
POSTED: cashier 15 sandwich 713
READY: cashier 35 sandwich 372
POSTED: cashier 55 sandwich 520
READY: cashier 44 sandwich 369
POSTED: cashier 44 sandwich 945
READY: cashier 9 sandwich 338
POSTED: cashier 56 sandwich 179
READY: cashier 27 sandwich 331
POSTED: cashier 27 sandwich 581
READY: cashier 18 sandwich 329
POSTED: cashier 18 sandwich 514
READY: cashier 32 sandwich 317
POSTED: cashier 32 sandwich 867
READY: cashier 19 sandwich 303
POSTED: cashier 19 sandwich 588
READY: cashier 21 sandwich 282
POSTED: cashier 21 sandwich 719
READY: cashier 24 sandwich 280
POSTED: cashier 24 sandwich 359
READY: cashier 47 sandwich 280
POSTED: cashier 47 sandwich 360
READY: cashier 14 sandwich 264
POSTED: cashier 14 sandwich 1
READY: cashier 36 sandwich 261
POSTED: cashier 57 sandwich 151
READY: cashier 12 sandwich 235
POSTED: cashier 12 sandwich 4
READY: cashier 42 sandwich 234
POSTED: cashier 42 sandwich 846
READY: cashier 3 sandwich 209
POSTED: cashier 3 sandwich 360
READY: cashier 43 sandwich 183
POSTED: cashier 43 sandwich 430
READY: cashier 56 sandwich 179
POSTED: cashier 56 sandwich 37
READY: cashier 22 sandwich 177
POSTED: cashier 22 sandwich 547
READY: cashier 5 sandwich 176
POSTED: cashier 5 sandwich 317
READY: cashier 26 sandwich 169
POSTED: cashier 26 sandwich 474
READY: cashier 29 sandwich 167
POSTED: cashier 29 sandwich 391
READY: cashier 41 sandwich 165
POSTED: cashier 41 sandwich 170
READY: cashier 8 sandwich 161
POSTED: cashier 8 sandwich 256
READY: cashier 50 sandwich 154
POSTED: cashier 50 sandwich 200
READY: cashier 52 sandwich 153
POSTED: cashier 52 sandwich 160
READY: cashier 57 sandwich 151
POSTED: cashier 57 sandwich 735
READY: cashier 17 sandwich 142
POSTED: cashier 17 sandwich 58
READY: cashier 34 sandwich 134
POSTED: cashier 34 sandwich 818
READY: cashier 31 sandwich 132
POSTED: cashier 31 sandwich 510
READY: cashier 20 sandwich 125
POSTED: cashier 58 sandwich 341
READY: cashier 45 sandwich 119
POSTED: cashier 45 sandwich 163
READY: cashier 46 sandwich 112
POSTED: cashier 46 sandwich 423
READY: cashier 53 sandwich 90
POSTED: cashier 53 sandwich 925
READY: cashier 0 sandwich 86
POSTED: cashier 0 sandwich 27
READY: cashier 7 sandwich 80
POSTED: cashier 7 sandwich 245
READY: cashier 10 sandwich 77
POSTED: cashier 10 sandwich 807
READY: cashier 39 sandwich 73
POSTED: cashier 39 sandwich 197
READY: cashier 2 sandwich 72
POSTED: cashier 2 sandwich 825
READY: cashier 49 sandwich 68
POSTED: cashier 49 sandwich 484
READY: cashier 17 sandwich 58
POSTED: cashier 17 sandwich 876
READY: cashier 48 sandwich 57
POSTED: cashier 48 sandwich 782
READY: cashier 30 sandwich 49
POSTED: cashier 30 sandwich 23
READY: cashier 56 sandwich 37
POSTED: cashier 56 sandwich 493
READY: cashier 38 sandwich 28
POSTED: cashier 38 sandwich 455
READY: cashier 0 sandwich 27
POSTED: cashier 0 sandwich 646
READY: cashier 30 sandwich 23
POSTED: cashier 30 sandwich 717
READY: cashier 1 sandwich 19
POSTED: cashier 1 sandwich 574
READY: cashier 12 sandwich 4
POSTED: cashier 12 sandwich 688
READY: cashier 14 sandwich 1
POSTED: cashier 59 sandwich 869
READY: cashier 52 sandwich 160
POSTED: cashier 60 sandwich 180
READY: cashier 45 sandwich 163
POSTED: cashier 45 sandwich 947
READY: cashier 41 sandwich 170
POSTED: cashier 41 sandwich 346
READY: cashier 60 sandwich 180
POSTED: cashier 60 sandwich 157
READY: cashier 39 sandwich 197
POSTED: cashier 39 sandwich 779
READY: cashier 50 sandwich 200
POSTED: cashier 61 sandwich 53
READY: cashier 60 sandwich 157
POSTED: cashier 60 sandwich 509
READY: cashier 7 sandwich 245
POSTED: cashier 7 sandwich 618
READY: cashier 8 sandwich 256
POSTED: cashier 62 sandwich 138
READY: cashier 5 sandwich 317
POSTED: cashier 63 sandwich 944
READY: cashier 58 sandwich 341
POSTED: cashier 58 sandwich 447
READY: cashier 41 sandwich 346
POSTED: cashier 41 sandwich 725
READY: cashier 24 sandwich 359
POSTED: cashier 24 sandwich 723
READY: cashier 47 sandwich 360
POSTED: cashier 47 sandwich 194
READY: cashier 3 sandwich 360
POSTED: cashier 3 sandwich 331
READY: cashier 3 sandwich 331
POSTED: cashier 3 sandwich 178
READY: cashier 29 sandwich 391
POSTED: cashier 64 sandwich 502
READY: cashier 46 sandwich 423
POSTED: cashier 65 sandwich 126
READY: cashier 43 sandwich 430
POSTED: cashier 43 sandwich 152
READY: cashier 58 sandwich 447
POSTED: cashier 58 sandwich 330
READY: cashier 38 sandwich 455
POSTED: cashier 38 sandwich 155
READY: cashier 26 sandwich 474
POSTED: cashier 26 sandwich 487
READY: cashier 49 sandwich 484
POSTED: cashier 49 sandwich 239
READY: cashier 26 sandwich 487
POSTED: cashier 66 sandwich 796
READY: cashier 56 sandwich 493
POSTED: cashier 56 sandwich 135
READY: cashier 64 sandwich 502
POSTED: cashier 64 sandwich 497
READY: cashier 64 sandwich 497
POSTED: cashier 64 sandwich 490
READY: cashier 64 sandwich 490
POSTED: cashier 64 sandwich 595
READY: cashier 60 sandwich 509
POSTED: cashier 60 sandwich 642
READY: cashier 31 sandwich 510
POSTED: cashier 31 sandwich 196
READY: cashier 18 sandwich 514
POSTED: cashier 18 sandwich 379
READY: cashier 55 sandwich 520
POSTED: cashier 55 sandwich 900
READY: cashier 22 sandwich 547
POSTED: cashier 67 sandwich 372
READY: cashier 1 sandwich 574
POSTED: cashier 68 sandwich 803
READY: cashier 27 sandwich 581
POSTED: cashier 27 sandwich 748
READY: cashier 16 sandwich 587
POSTED: cashier 16 sandwich 346
READY: cashier 19 sandwich 588
POSTED: cashier 19 sandwich 573
READY: cashier 64 sandwich 595
POSTED: cashier 64 sandwich 306
READY: cashier 19 sandwich 573
POSTED: cashier 69 sandwich 23
READY: cashier 7 sandwich 618
POSTED: cashier 7 sandwich 623
READY: cashier 7 sandwich 623
POSTED: cashier 70 sandwich 842
READY: cashier 51 sandwich 628
POSTED: cashier 51 sandwich 496
READY: cashier 60 sandwich 642
POSTED: cashier 60 sandwich 694
READY: cashier 0 sandwich 646
POSTED: cashier 0 sandwich 673
READY: cashier 37 sandwich 670
POSTED: cashier 71 sandwich 829
READY: cashier 0 sandwich 673
POSTED: cashier 72 sandwich 712
READY: cashier 12 sandwich 688
POSTED: cashier 12 sandwich 161
READY: cashier 60 sandwich 694
POSTED: cashier 73 sandwich 856
READY: cashier 72 sandwich 712
POSTED: cashier 72 sandwich 740
READY: cashier 15 sandwich 713
POSTED: cashier 15 sandwich 528
READY: cashier 11 sandwich 714
POSTED: cashier 11 sandwich 724
READY: cashier 30 sandwich 717
POSTED: cashier 74 sandwich 624
READY: cashier 21 sandwich 719
POSTED: cashier 21 sandwich 366
READY: cashier 24 sandwich 723
POSTED: cashier 75 sandwich 863
READY: cashier 11 sandwich 724
POSTED: cashier 76 sandwich 862
READY: cashier 41 sandwich 725
POSTED: cashier 77 sandwich 591
READY: cashier 57 sandwich 735
POSTED: cashier 57 sandwich 864
READY: cashier 54 sandwich 739
POSTED: cashier 54 sandwich 70
READY: cashier 72 sandwich 740
POSTED: cashier 72 sandwich 77
READY: cashier 27 sandwich 748
POSTED: cashier 27 sandwich 99
READY: cashier 39 sandwich 779
POSTED: cashier 39 sandwich 474
READY: cashier 48 sandwich 782
POSTED: cashier 78 sandwich 796
READY: cashier 33 sandwich 794
POSTED: cashier 79 sandwich 23
READY: cashier 66 sandwich 796
POSTED: cashier 66 sandwich 563
READY: cashier 78 sandwich 796
POSTED: cashier 78 sandwich 8
READY: cashier 68 sandwich 803
POSTED: cashier 68 sandwich 860
READY: cashier 10 sandwich 807
POSTED: cashier 10 sandwich 748
READY: cashier 34 sandwich 818
POSTED: cashier 34 sandwich 667
READY: cashier 2 sandwich 825
POSTED: cashier 2 sandwich 194
READY: cashier 71 sandwich 829
POSTED: cashier 71 sandwich 544
READY: cashier 6 sandwich 837
POSTED: cashier 6 sandwich 790
READY: cashier 70 sandwich 842
POSTED: cashier 70 sandwich 112
READY: cashier 42 sandwich 846
POSTED: cashier 42 sandwich 459
READY: cashier 73 sandwich 856
POSTED: cashier 73 sandwich 823
READY: cashier 68 sandwich 860
POSTED: cashier 68 sandwich 474
READY: cashier 76 sandwich 862
POSTED: cashier 76 sandwich 633
READY: cashier 75 sandwich 863
POSTED: cashier 75 sandwich 468
READY: cashier 57 sandwich 864
POSTED: cashier 57 sandwich 928
READY: cashier 32 sandwich 867
POSTED: cashier 80 sandwich 455
READY: cashier 59 sandwich 869
POSTED: cashier 59 sandwich 324
READY: cashier 23 sandwich 872
POSTED: cashier 81 sandwich 261
READY: cashier 13 sandwich 875
POSTED: cashier 13 sandwich 754
READY: cashier 17 sandwich 876
POSTED: cashier 82 sandwich 832
READY: cashier 40 sandwich 884
POSTED: cashier 83 sandwich 817
READY: cashier 28 sandwich 898
POSTED: cashier 28 sandwich 295
READY: cashier 55 sandwich 900
POSTED: cashier 55 sandwich 605
READY: cashier 53 sandwich 925
POSTED: cashier 84 sandwich 318
READY: cashier 57 sandwich 928
POSTED: cashier 57 sandwich 62
READY: cashier 63 sandwich 944
POSTED: cashier 63 sandwich 707
READY: cashier 44 sandwich 945
POSTED: cashier 44 sandwich 255
READY: cashier 45 sandwich 947
POSTED: cashier 45 sandwich 253
READY: cashier 25 sandwich 975
POSTED: cashier 85 sandwich 60
READY: cashier 82 sandwich 832
POSTED: cashier 82 sandwich 915
READY: cashier 73 sandwich 823
POSTED: cashier 73 sandwich 675
READY: cashier 83 sandwich 817
POSTED: cashier 83 sandwich 590
READY: cashier 6 sandwich 790
POSTED: cashier 86 sandwich 321
READY: cashier 13 sandwich 754
POSTED: cashier 13 sandwich 213
READY: cashier 10 sandwich 748
POSTED: cashier 87 sandwich 367
READY: cashier 63 sandwich 707
POSTED: cashier 63 sandwich 980
READY: cashier 73 sandwich 675
POSTED: cashier 73 sandwich 924
READY: cashier 34 sandwich 667
POSTED: cashier 88 sandwich 524
READY: cashier 76 sandwich 633
POSTED: cashier 76 sandwich 169
READY: cashier 74 sandwich 624
POSTED: cashier 74 sandwich 838
READY: cashier 55 sandwich 605
POSTED: cashier 55 sandwich 61
READY: cashier 77 sandwich 591
POSTED: cashier 77 sandwich 558
READY: cashier 83 sandwich 590
POSTED: cashier 83 sandwich 852
READY: cashier 66 sandwich 563
POSTED: cashier 66 sandwich 37
READY: cashier 77 sandwich 558
POSTED: cashier 77 sandwich 378
READY: cashier 71 sandwich 544
POSTED: cashier 71 sandwich 840
READY: cashier 15 sandwich 528
POSTED: cashier 89 sandwich 726
READY: cashier 88 sandwich 524
POSTED: cashier 88 sandwich 846
READY: cashier 51 sandwich 496
POSTED: cashier 51 sandwich 64
READY: cashier 39 sandwich 474
POSTED: cashier 90 sandwich 700
READY: cashier 68 sandwich 474
POSTED: cashier 68 sandwich 603
READY: cashier 75 sandwich 468
POSTED: cashier 75 sandwich 99
READY: cashier 42 sandwich 459
POSTED: cashier 91 sandwich 494
READY: cashier 80 sandwich 455
POSTED: cashier 80 sandwich 635
READY: cashier 91 sandwich 494
POSTED: cashier 91 sandwich 620
READY: cashier 68 sandwich 603
POSTED: cashier 68 sandwich 463
READY: cashier 91 sandwich 620
POSTED: cashier 91 sandwich 740
READY: cashier 80 sandwich 635
POSTED: cashier 80 sandwich 292
READY: cashier 90 sandwich 700
POSTED: cashier 90 sandwich 159
READY: cashier 89 sandwich 726
POSTED: cashier 89 sandwich 630
READY: cashier 91 sandwich 740
POSTED: cashier 91 sandwich 139
READY: cashier 74 sandwich 838
POSTED: cashier 74 sandwich 309
READY: cashier 71 sandwich 840
POSTED: cashier 71 sandwich 955
READY: cashier 88 sandwich 846
POSTED: cashier 88 sandwich 158
READY: cashier 83 sandwich 852
POSTED: cashier 83 sandwich 787
READY: cashier 82 sandwich 915
POSTED: cashier 82 sandwich 468
READY: cashier 73 sandwich 924
POSTED: cashier 73 sandwich 867
READY: cashier 71 sandwich 955
POSTED: cashier 71 sandwich 101
READY: cashier 63 sandwich 980
POSTED: cashier 63 sandwich 274
READY: cashier 73 sandwich 867
POSTED: cashier 92 sandwich 557
READY: cashier 83 sandwich 787
POSTED: cashier 83 sandwich 775
READY: cashier 83 sandwich 775
POSTED: cashier 93 sandwich 2
READY: cashier 89 sandwich 630
POSTED: cashier 89 sandwich 691
READY: cashier 89 sandwich 691
POSTED: cashier 89 sandwich 866
READY: cashier 92 sandwich 557
POSTED: cashier 92 sandwich 950
READY: cashier 82 sandwich 468
POSTED: cashier 82 sandwich 673
READY: cashier 68 sandwich 463
POSTED: cashier 94 sandwich 81
READY: cashier 18 sandwich 379
POSTED: cashier 95 sandwich 736
READY: cashier 77 sandwich 378
POSTED: cashier 77 sandwich 142
READY: cashier 67 sandwich 372
POSTED: cashier 67 sandwich 348
READY: cashier 87 sandwich 367
POSTED: cashier 87 sandwich 336
READY: cashier 21 sandwich 366
POSTED: cashier 21 sandwich 967
READY: cashier 67 sandwich 348
POSTED: cashier 67 sandwich 783
READY: cashier 16 sandwich 346
POSTED: cashier 96 sandwich 735
READY: cashier 87 sandwich 336
POSTED: cashier 87 sandwich 400
READY: cashier 58 sandwich 330
POSTED: cashier 58 sandwich 976
READY: cashier 59 sandwich 324
POSTED: cashier 59 sandwich 741
READY: cashier 86 sandwich 321
POSTED: cashier 86 sandwich 512
READY: cashier 84 sandwich 318
POSTED: cashier 84 sandwich 35
READY: cashier 74 sandwich 309
POSTED: cashier 74 sandwich 77
READY: cashier 64 sandwich 306
POSTED: cashier 97 sandwich 769
READY: cashier 28 sandwich 295
POSTED: cashier 98 sandwich 311
READY: cashier 80 sandwich 292
POSTED: cashier 80 sandwich 349
READY: cashier 63 sandwich 274
POSTED: cashier 63 sandwich 315
READY: cashier 81 sandwich 261
POSTED: cashier 81 sandwich 952
READY: cashier 44 sandwich 255
POSTED: cashier 99 sandwich 694
READY: cashier 45 sandwich 253
READY: cashier 49 sandwich 239
READY: cashier 13 sandwich 213
READY: cashier 31 sandwich 196
READY: cashier 47 sandwich 194
READY: cashier 2 sandwich 194
READY: cashier 3 sandwich 178
READY: cashier 76 sandwich 169
POSTED: cashier 76 sandwich 580
READY: cashier 12 sandwich 161
READY: cashier 90 sandwich 159
POSTED: cashier 90 sandwich 422
READY: cashier 88 sandwich 158
POSTED: cashier 88 sandwich 157
READY: cashier 88 sandwich 157
POSTED: cashier 88 sandwich 548
READY: cashier 38 sandwich 155
READY: cashier 43 sandwich 152
READY: cashier 77 sandwich 142
POSTED: cashier 77 sandwich 159
READY: cashier 91 sandwich 139
POSTED: cashier 91 sandwich 67
READY: cashier 62 sandwich 138
POSTED: cashier 62 sandwich 89
READY: cashier 56 sandwich 135
POSTED: cashier 56 sandwich 918
READY: cashier 65 sandwich 126
POSTED: cashier 65 sandwich 767
READY: cashier 70 sandwich 112
POSTED: cashier 70 sandwich 539
READY: cashier 71 sandwich 101
READY: cashier 27 sandwich 99
READY: cashier 75 sandwich 99
POSTED: cashier 75 sandwich 433
READY: cashier 62 sandwich 89
POSTED: cashier 62 sandwich 951
READY: cashier 94 sandwich 81
POSTED: cashier 94 sandwich 965
READY: cashier 72 sandwich 77
POSTED: cashier 72 sandwich 573
READY: cashier 74 sandwich 77
POSTED: cashier 74 sandwich 625
READY: cashier 54 sandwich 70
POSTED: cashier 54 sandwich 254
READY: cashier 91 sandwich 67
READY: cashier 51 sandwich 64
READY: cashier 57 sandwich 62
READY: cashier 55 sandwich 61
POSTED: cashier 55 sandwich 160
READY: cashier 85 sandwich 60
POSTED: cashier 85 sandwich 444
READY: cashier 61 sandwich 53
POSTED: cashier 61 sandwich 536
READY: cashier 66 sandwich 37
POSTED: cashier 66 sandwich 815
READY: cashier 84 sandwich 35
POSTED: cashier 84 sandwich 902
READY: cashier 69 sandwich 23
POSTED: cashier 69 sandwich 672
READY: cashier 79 sandwich 23
POSTED: cashier 79 sandwich 56
READY: cashier 78 sandwich 8
POSTED: cashier 78 sandwich 65
READY: cashier 93 sandwich 2
POSTED: cashier 93 sandwich 394
READY: cashier 79 sandwich 56
POSTED: cashier 79 sandwich 109
READY: cashier 78 sandwich 65
POSTED: cashier 78 sandwich 274
READY: cashier 79 sandwich 109
POSTED: cashier 79 sandwich 842
READY: cashier 77 sandwich 159
READY: cashier 55 sandwich 160
READY: cashier 54 sandwich 254
POSTED: cashier 54 sandwich 245
READY: cashier 54 sandwich 245
POSTED: cashier 54 sandwich 612
READY: cashier 78 sandwich 274
POSTED: cashier 78 sandwich 804
READY: cashier 98 sandwich 311
POSTED: cashier 98 sandwich 790
READY: cashier 63 sandwich 315
READY: cashier 80 sandwich 349
POSTED: cashier 80 sandwich 380
READY: cashier 80 sandwich 380
READY: cashier 93 sandwich 394
POSTED: cashier 93 sandwich 323
READY: cashier 87 sandwich 400
POSTED: cashier 87 sandwich 56
READY: cashier 90 sandwich 422
POSTED: cashier 90 sandwich 184
READY: cashier 75 sandwich 433
POSTED: cashier 75 sandwich 732
READY: cashier 85 sandwich 444
POSTED: cashier 85 sandwich 150
READY: cashier 86 sandwich 512
POSTED: cashier 86 sandwich 544
READY: cashier 61 sandwich 536
POSTED: cashier 61 sandwich 561
READY: cashier 70 sandwich 539
POSTED: cashier 70 sandwich 672
READY: cashier 86 sandwich 544
POSTED: cashier 86 sandwich 826
READY: cashier 88 sandwich 548
READY: cashier 61 sandwich 561
POSTED: cashier 61 sandwich 306
READY: cashier 72 sandwich 573
POSTED: cashier 72 sandwich 36
READY: cashier 76 sandwich 580
POSTED: cashier 76 sandwich 790
READY: cashier 54 sandwich 612
READY: cashier 74 sandwich 625
READY: cashier 69 sandwich 672
POSTED: cashier 69 sandwich 263
READY: cashier 70 sandwich 672
POSTED: cashier 70 sandwich 608
READY: cashier 82 sandwich 673
POSTED: cashier 82 sandwich 252
READY: cashier 99 sandwich 694
POSTED: cashier 99 sandwich 838
READY: cashier 75 sandwich 732
READY: cashier 96 sandwich 735
POSTED: cashier 96 sandwich 705
READY: cashier 95 sandwich 736
POSTED: cashier 95 sandwich 580
READY: cashier 59 sandwich 741
POSTED: cashier 59 sandwich 904
READY: cashier 65 sandwich 767
POSTED: cashier 65 sandwich 592
READY: cashier 97 sandwich 769
POSTED: cashier 97 sandwich 698
READY: cashier 67 sandwich 783
POSTED: cashier 67 sandwich 504
READY: cashier 98 sandwich 790
POSTED: cashier 98 sandwich 81
READY: cashier 76 sandwich 790
READY: cashier 78 sandwich 804
READY: cashier 66 sandwich 815
POSTED: cashier 66 sandwich 805
READY: cashier 66 sandwich 805
READY: cashier 86 sandwich 826
POSTED: cashier 86 sandwich 175
READY: cashier 99 sandwich 838
POSTED: cashier 99 sandwich 503
READY: cashier 79 sandwich 842
POSTED: cashier 79 sandwich 152
READY: cashier 89 sandwich 866
POSTED: cashier 89 sandwich 208
READY: cashier 84 sandwich 902
POSTED: cashier 84 sandwich 754
READY: cashier 59 sandwich 904
POSTED: cashier 59 sandwich 434
READY: cashier 56 sandwich 918
READY: cashier 92 sandwich 950
POSTED: cashier 92 sandwich 334
READY: cashier 62 sandwich 951
POSTED: cashier 62 sandwich 50
READY: cashier 81 sandwich 952
POSTED: cashier 81 sandwich 738
READY: cashier 94 sandwich 965
POSTED: cashier 94 sandwich 366
READY: cashier 21 sandwich 967
READY: cashier 58 sandwich 976
POSTED: cashier 58 sandwich 303
READY: cashier 84 sandwich 754
POSTED: cashier 84 sandwich 824
READY: cashier 81 sandwich 738
POSTED: cashier 81 sandwich 206
READY: cashier 96 sandwich 705
POSTED: cashier 96 sandwich 938
READY: cashier 97 sandwich 698
POSTED: cashier 97 sandwich 781
READY: cashier 97 sandwich 781
POSTED: cashier 97 sandwich 46
READY: cashier 84 sandwich 824
READY: cashier 96 sandwich 938
POSTED: cashier 96 sandwich 61
READY: cashier 70 sandwich 608
READY: cashier 65 sandwich 592
POSTED: cashier 65 sandwich 320
READY: cashier 95 sandwich 580
POSTED: cashier 95 sandwich 541
READY: cashier 95 sandwich 541
POSTED: cashier 95 sandwich 529
READY: cashier 95 sandwich 529
POSTED: cashier 95 sandwich 841
READY: cashier 67 sandwich 504
POSTED: cashier 67 sandwich 116
READY: cashier 99 sandwich 503
POSTED: cashier 99 sandwich 54
READY: cashier 59 sandwich 434
READY: cashier 94 sandwich 366
POSTED: cashier 94 sandwich 953
READY: cashier 92 sandwich 334
POSTED: cashier 92 sandwich 814
READY: cashier 93 sandwich 323
POSTED: cashier 93 sandwich 155
READY: cashier 65 sandwich 320
POSTED: cashier 65 sandwich 378
READY: cashier 61 sandwich 306
POSTED: cashier 61 sandwich 231
READY: cashier 58 sandwich 303
READY: cashier 69 sandwich 263
POSTED: cashier 69 sandwich 551
READY: cashier 82 sandwich 252
READY: cashier 61 sandwich 231
READY: cashier 89 sandwich 208
READY: cashier 81 sandwich 206
POSTED: cashier 81 sandwich 741
READY: cashier 90 sandwich 184
POSTED: cashier 90 sandwich 663
READY: cashier 86 sandwich 175
READY: cashier 93 sandwich 155
POSTED: cashier 93 sandwich 37
READY: cashier 79 sandwich 152
READY: cashier 85 sandwich 150
POSTED: cashier 85 sandwich 879
READY: cashier 67 sandwich 116
READY: cashier 98 sandwich 81
POSTED: cashier 98 sandwich 701
READY: cashier 96 sandwich 61
POSTED: cashier 96 sandwich 586
READY: cashier 87 sandwich 56
POSTED: cashier 87 sandwich 775
READY: cashier 99 sandwich 54
POSTED: cashier 99 sandwich 244
READY: cashier 62 sandwich 50
POSTED: cashier 62 sandwich 497
READY: cashier 97 sandwich 46
POSTED: cashier 97 sandwich 952
READY: cashier 93 sandwich 37
READY: cashier 72 sandwich 36
READY: cashier 99 sandwich 244
READY: cashier 65 sandwich 378
READY: cashier 62 sandwich 497
READY: cashier 69 sandwich 551
POSTED: cashier 69 sandwich 677
READY: cashier 96 sandwich 586
READY: cashier 90 sandwich 663
READY: cashier 69 sandwich 677
READY: cashier 98 sandwich 701
POSTED: cashier 98 sandwich 763
READY: cashier 81 sandwich 741
READY: cashier 98 sandwich 763
READY: cashier 87 sandwich 775
READY: cashier 92 sandwich 814
POSTED: cashier 92 sandwich 876
READY: cashier 95 sandwich 841
READY: cashier 92 sandwich 876
READY: cashier 85 sandwich 879
POSTED: cashier 85 sandwich 180
READY: cashier 97 sandwich 952
READY: cashier 94 sandwich 953
POSTED: cashier 94 sandwich 388
READY: cashier 94 sandwich 388
READY: cashier 85 sandwich 180
Thread library exiting.
